// Jest Snapshot v1, https://jestjs.io/docs/snapshot-testing

exports[`render popup 1`] = `
.c0 {
  display: flex;
  flex-direction: column;
  justify-content: center;
  align-items: center;
  position: relative;
}

.c1 {
  width: 84px;
  height: 40px;
  background: no-repeat center/contain url('img/logo.png');
  margin: 0.25rem;
  padding: 0 0.25rem;
  filter: none;
}

.c2 {
  position: absolute;
  right: 0;
  font-size: 1.25rem;
  margin-right: 1rem;
  color: #666;
}

.c2:hover,
.c2:focus {
  color: #333;
  animation: k0 1.5s linear infinite;
}

.c3 {
  display: flex;
  flex-direction: row;
  align-items: center;
  width: 380px;
  height: 32px;
  padding: 0.25rem 0.5rem;
  color: #000000;
  background-color: #f5f5f5;
  cursor: pointer;
}

.c3:focus,
.c3:hover {
  filter: brightness(110%);
}

.c8 {
  display: flex;
  flex-direction: row;
  align-items: center;
  width: 380px;
  height: 32px;
  padding: 0.25rem 0.5rem;
  color: #FFFFFF;
  background-color: #ff5722;
  cursor: pointer;
}

.c8:focus,
.c8:hover {
  filter: brightness(110%);
}

.c5 {
  width: 32px;
}

.c6 {
  text-align: center;
  padding: 0 0.25rem;
  margin-right: 0.5rem;
  font-size: 1.125rem;
  font-family: Menlo,Monaco,Consolas,"Liberation Mono","Courier New",monospace;
  border-radius: 0.25rem;
  border: 2px solid #000000;
  box-shadow: 2px 2px 0px 0px rgba(0, 0, 0, 0.3);
}

.c10 {
  text-align: center;
  padding: 0 0.25rem;
  margin-right: 0.5rem;
  font-size: 1.125rem;
  font-family: Menlo,Monaco,Consolas,"Liberation Mono","Courier New",monospace;
  border-radius: 0.25rem;
  border: 2px solid #FFFFFF;
  box-shadow: 2px 2px 0px 0px rgba(0, 0, 0, 0.3);
}

.c7 {
  font-size: 1rem;
  overflow: hidden;
  white-space: nowrap;
  text-overflow: ellipsis;
  user-select: none;
}

.c4 {
  animation-name: none!important;
  background-color: #f5f5f5;
  background-image: none;
  background-position: 0%!important;
}

.c9 {
  animation-name: none!important;
  background-color: #ff5722;
  background-image: none;
  background-position: 0%!important;
}

@keyframes k0 {
  0% {
    transform: rotate(0deg);
  }

  100% {
    transform: rotate(360deg);
  }
}

<body>
  <div>
    <div
      class="c0"
    >
      <div
        class="c1"
      />
      <a
        class="c2"
        href="/options.html"
        target="_blank"
      >
        <svg
          aria-hidden="true"
          class="svg-inline--fa fa-gear"
          data-icon="gear"
          data-prefix="fas"
          role="img"
          viewBox="0 0 512 512"
        >
          <path
            d="M195.1 9.5C198.1-5.3 211.2-16 226.4-16l59.8 0c15.2 0 28.3 10.7 31.3 25.5L332 79.5c14.1 6 27.3 13.7 39.3 22.8l67.8-22.5c14.4-4.8 30.2 1.2 37.8 14.4l29.9 51.8c7.6 13.2 4.9 29.8-6.5 39.9L447 233.3c.9 7.4 1.3 15 1.3 22.7s-.5 15.3-1.3 22.7l53.4 47.5c11.4 10.1 14 26.8 6.5 39.9l-29.9 51.8c-7.6 13.1-23.4 19.2-37.8 14.4l-67.8-22.5c-12.1 9.1-25.3 16.7-39.3 22.8l-14.4 69.9c-3.1 14.9-16.2 25.5-31.3 25.5l-59.8 0c-15.2 0-28.3-10.7-31.3-25.5l-14.4-69.9c-14.1-6-27.2-13.7-39.3-22.8L73.5 432.3c-14.4 4.8-30.2-1.2-37.8-14.4L5.8 366.1c-7.6-13.2-4.9-29.8 6.5-39.9l53.4-47.5c-.9-7.4-1.3-15-1.3-22.7s.5-15.3 1.3-22.7L12.3 185.8c-11.4-10.1-14-26.8-6.5-39.9L35.7 94.1c7.6-13.2 23.4-19.2 37.8-14.4l67.8 22.5c12.1-9.1 25.3-16.7 39.3-22.8L195.1 9.5zM256.3 336a80 80 0 1 0 -.6-160 80 80 0 1 0 .6 160z"
            fill="currentColor"
          />
        </svg>
      </a>
    </div>
    <div
      class="c3 c4"
      tabindex="1"
    >
      <div
        class="c5"
      >
        <kbd
          class="c6"
        >
          1
        </kbd>
      </div>
      <div
        class="c7"
      >
        Markdown: [title](url)
      </div>
    </div>
    <div
      class="c8 c9"
      tabindex="1"
    >
      <div
        class="c5"
      >
        <kbd
          class="c10"
        >
          2
        </kbd>
      </div>
      <div
        class="c7"
      >
        HTML: &lt;a href={url}&gt;{title}&lt;/a&gt;
      </div>
    </div>
  </div>
</body>
`;
