// Jest Snapshot v1, https://goo.gl/fbAQLP

exports[`render popup 1`] = `
.c0 {
  display: -webkit-box;
  display: -webkit-flex;
  display: -ms-flexbox;
  display: flex;
  -webkit-flex-direction: column;
  -ms-flex-direction: column;
  flex-direction: column;
  -webkit-box-pack: center;
  -webkit-justify-content: center;
  -ms-flex-pack: center;
  justify-content: center;
  -webkit-align-items: center;
  -webkit-box-align: center;
  -ms-flex-align: center;
  align-items: center;
  position: relative;
}

.c1 {
  width: 84px;
  height: 40px;
  background: no-repeat center/contain url('img/logo.png');
  margin: 0.25rem;
  padding: 0 0.25rem;
}

.c2 {
  position: absolute;
  right: 0;
  font-size: 1.25rem;
  margin-right: 1rem;
  color: #666;
}

.c2:hover,
.c2:focus {
  color: #333;
  -webkit-animation: cilQsd 1.5s linear infinite;
  animation: cilQsd 1.5s linear infinite;
}

.c3 {
  display: -webkit-box;
  display: -webkit-flex;
  display: -ms-flexbox;
  display: flex;
  -webkit-flex-direction: row;
  -ms-flex-direction: row;
  flex-direction: row;
  -webkit-align-items: center;
  -webkit-box-align: center;
  -ms-flex-align: center;
  align-items: center;
  width: 380px;
  height: 32px;
  padding: 0.25rem 0.5rem;
  color: #000000;
  background-color: #f5f5f5;
  cursor: pointer;
}

.c3:focus,
.c3:hover {
  -webkit-filter: brightness(110%);
  filter: brightness(110%);
}

.c8 {
  display: -webkit-box;
  display: -webkit-flex;
  display: -ms-flexbox;
  display: flex;
  -webkit-flex-direction: row;
  -ms-flex-direction: row;
  flex-direction: row;
  -webkit-align-items: center;
  -webkit-box-align: center;
  -ms-flex-align: center;
  align-items: center;
  width: 380px;
  height: 32px;
  padding: 0.25rem 0.5rem;
  color: #FFFFFF;
  background-color: #ff5722;
  cursor: pointer;
}

.c8:focus,
.c8:hover {
  -webkit-filter: brightness(110%);
  filter: brightness(110%);
}

.c5 {
  width: 32px;
}

.c6 {
  text-align: center;
  padding: 0 0.25rem;
  margin-right: 0.5rem;
  font-size: 1.125rem;
  font-family: Menlo,Monaco,Consolas,"Liberation Mono","Courier New",monospace;
  border-radius: 0.25rem;
  border: 2px solid #000000;
  box-shadow: 2px 2px 0px 0px rgba(0,0,0,0.3);
}

.c10 {
  text-align: center;
  padding: 0 0.25rem;
  margin-right: 0.5rem;
  font-size: 1.125rem;
  font-family: Menlo,Monaco,Consolas,"Liberation Mono","Courier New",monospace;
  border-radius: 0.25rem;
  border: 2px solid #FFFFFF;
  box-shadow: 2px 2px 0px 0px rgba(0,0,0,0.3);
}

.c7 {
  font-size: 1rem;
  overflow: hidden;
  white-space: nowrap;
  text-overflow: ellipsis;
  -webkit-user-select: none;
  -moz-user-select: none;
  -ms-user-select: none;
  user-select: none;
}

.c4 {
  -webkit-animation-name: none !important;
  animation-name: none !important;
  background-color: #f5f5f5;
  background-image: none;
  background-position: 0% !important;
}

.c9 {
  -webkit-animation-name: none !important;
  animation-name: none !important;
  background-color: #ff5722;
  background-image: none;
  background-position: 0% !important;
}

<body>
  <div>
    <div>
      <div
        class="c0"
      >
        <div
          class="c1"
        />
        <a
          class="c2"
          href="/options.html"
          target="_blank"
        >
          <svg
            aria-hidden="true"
            class="svg-inline--fa fa-cog fa-w-16 "
            data-icon="cog"
            data-prefix="fas"
            focusable="false"
            role="img"
            viewBox="0 0 512 512"
            xmlns="http://www.w3.org/2000/svg"
          >
            <path
              d="M487.4 315.7l-42.6-24.6c4.3-23.2 4.3-47 0-70.2l42.6-24.6c4.9-2.8 7.1-8.6 5.5-14-11.1-35.6-30-67.8-54.7-94.6-3.8-4.1-10-5.1-14.8-2.3L380.8 110c-17.9-15.4-38.5-27.3-60.8-35.1V25.8c0-5.6-3.9-10.5-9.4-11.7-36.7-8.2-74.3-7.8-109.2 0-5.5 1.2-9.4 6.1-9.4 11.7V75c-22.2 7.9-42.8 19.8-60.8 35.1L88.7 85.5c-4.9-2.8-11-1.9-14.8 2.3-24.7 26.7-43.6 58.9-54.7 94.6-1.7 5.4.6 11.2 5.5 14L67.3 221c-4.3 23.2-4.3 47 0 70.2l-42.6 24.6c-4.9 2.8-7.1 8.6-5.5 14 11.1 35.6 30 67.8 54.7 94.6 3.8 4.1 10 5.1 14.8 2.3l42.6-24.6c17.9 15.4 38.5 27.3 60.8 35.1v49.2c0 5.6 3.9 10.5 9.4 11.7 36.7 8.2 74.3 7.8 109.2 0 5.5-1.2 9.4-6.1 9.4-11.7v-49.2c22.2-7.9 42.8-19.8 60.8-35.1l42.6 24.6c4.9 2.8 11 1.9 14.8-2.3 24.7-26.7 43.6-58.9 54.7-94.6 1.5-5.5-.7-11.3-5.6-14.1zM256 336c-44.1 0-80-35.9-80-80s35.9-80 80-80 80 35.9 80 80-35.9 80-80 80z"
              fill="currentColor"
            />
          </svg>
        </a>
      </div>
      <div>
        <div
          class="c3 c4"
          tabindex="1"
        >
          <div
            class="c5"
          >
            <kbd
              class="c6"
            >
              1
            </kbd>
          </div>
          <div
            class="c7"
          >
            Markdown: [title](url)
          </div>
        </div>
        <div
          class="c8 c9"
          tabindex="1"
        >
          <div
            class="c5"
          >
            <kbd
              class="c10"
            >
              2
            </kbd>
          </div>
          <div
            class="c7"
          >
            HTML: &lt;a href={url}&gt;{title}&lt;/a&gt;
          </div>
        </div>
      </div>
    </div>
  </div>
</body>
`;
